Copyright 1986-2022 Xilinx, Inc. All Rights Reserved.
----------------------------------------------------------------------------------------------------------------------------------------
| Tool Version : Vivado v.2022.2 (win64) Build 3671981 Fri Oct 14 05:00:03 MDT 2022
| Date         : Sat May 17 11:24:19 2025
| Host         : DESKTOP-1O5TV0G running 64-bit major release  (build 9200)
| Command      : report_utilization -hierarchical -hierarchical_depth 6 -file ./report/spiking_binam_utilization_hierarchical_synth.rpt
| Design       : bd_0_wrapper
| Device       : xck26-sfvc784-2LV-c
| Speed File   : -2LV
| Design State : Synthesized
----------------------------------------------------------------------------------------------------------------------------------------

Utilization Design Information

Table of Contents
-----------------
1. Utilization by Hierarchy

1. Utilization by Hierarchy
---------------------------

+----------------------------------------------------------------+-------------------------------------------------------------------------+------------+------------+---------+------+------+--------+--------+------+------------+
|                            Instance                            |                                  Module                                 | Total LUTs | Logic LUTs | LUTRAMs | SRLs |  FFs | RAMB36 | RAMB18 | URAM | DSP Blocks |
+----------------------------------------------------------------+-------------------------------------------------------------------------+------------+------------+---------+------+------+--------+--------+------+------------+
| bd_0_wrapper                                                   |                                                                   (top) |       1688 |       1576 |     112 |    0 | 1147 |      0 |      0 |    0 |          0 |
|   bd_0_i                                                       |                                                                    bd_0 |       1688 |       1576 |     112 |    0 | 1147 |      0 |      0 |    0 |          0 |
|     hls_inst                                                   |                                                         bd_0_hls_inst_0 |       1688 |       1576 |     112 |    0 | 1147 |      0 |      0 |    0 |          0 |
|       (hls_inst)                                               |                                                         bd_0_hls_inst_0 |          0 |          0 |       0 |    0 |    0 |      0 |      0 |    0 |          0 |
|       inst                                                     |                                           bd_0_hls_inst_0_spiking_binam |       1688 |       1576 |     112 |    0 | 1147 |      0 |      0 |    0 |          0 |
|         (inst)                                                 |                                           bd_0_hls_inst_0_spiking_binam |         68 |         68 |       0 |    0 |  463 |      0 |      0 |    0 |          0 |
|         CTRL_s_axi_U                                           |                                bd_0_hls_inst_0_spiking_binam_CTRL_s_axi |         81 |         81 |       0 |    0 |   86 |      0 |      0 |    0 |          0 |
|         grp_spiking_binam_Pipeline_VITIS_LOOP_38_2_fu_4048     |    bd_0_hls_inst_0_spiking_binam_spiking_binam_Pipeline_VITIS_LOOP_38_2 |         17 |         17 |       0 |    0 |    8 |      0 |      0 |    0 |          0 |
|           (grp_spiking_binam_Pipeline_VITIS_LOOP_38_2_fu_4048) |    bd_0_hls_inst_0_spiking_binam_spiking_binam_Pipeline_VITIS_LOOP_38_2 |          0 |          0 |       0 |    0 |    6 |      0 |      0 |    0 |          0 |
|           flow_control_loop_pipe_sequential_init_U             | bd_0_hls_inst_0_spiking_binam_flow_control_loop_pipe_sequential_init_17 |         17 |         17 |       0 |    0 |    2 |      0 |      0 |    0 |          0 |
|         grp_spiking_binam_Pipeline_VITIS_LOOP_54_4_fu_4080     |    bd_0_hls_inst_0_spiking_binam_spiking_binam_Pipeline_VITIS_LOOP_54_4 |        106 |        106 |       0 |    0 |   80 |      0 |      0 |    0 |          0 |
|           (grp_spiking_binam_Pipeline_VITIS_LOOP_54_4_fu_4080) |    bd_0_hls_inst_0_spiking_binam_spiking_binam_Pipeline_VITIS_LOOP_54_4 |         16 |         16 |       0 |    0 |   78 |      0 |      0 |    0 |          0 |
|           flow_control_loop_pipe_sequential_init_U             | bd_0_hls_inst_0_spiking_binam_flow_control_loop_pipe_sequential_init_16 |         90 |         90 |       0 |    0 |    2 |      0 |      0 |    0 |          0 |
|         grp_spiking_binam_Pipeline_VITIS_LOOP_70_6_fu_4068     |    bd_0_hls_inst_0_spiking_binam_spiking_binam_Pipeline_VITIS_LOOP_70_6 |         42 |         42 |       0 |    0 |   20 |      0 |      0 |    0 |          0 |
|           (grp_spiking_binam_Pipeline_VITIS_LOOP_70_6_fu_4068) |    bd_0_hls_inst_0_spiking_binam_spiking_binam_Pipeline_VITIS_LOOP_70_6 |         23 |         23 |       0 |    0 |   18 |      0 |      0 |    0 |          0 |
|           flow_control_loop_pipe_sequential_init_U             | bd_0_hls_inst_0_spiking_binam_flow_control_loop_pipe_sequential_init_15 |         19 |         19 |       0 |    0 |    2 |      0 |      0 |    0 |          0 |
|         grp_spiking_binam_Pipeline_VITIS_LOOP_79_7_fu_4612     |    bd_0_hls_inst_0_spiking_binam_spiking_binam_Pipeline_VITIS_LOOP_79_7 |        123 |        123 |       0 |    0 |   36 |      0 |      0 |    0 |          0 |
|           (grp_spiking_binam_Pipeline_VITIS_LOOP_79_7_fu_4612) |    bd_0_hls_inst_0_spiking_binam_spiking_binam_Pipeline_VITIS_LOOP_79_7 |         96 |         96 |       0 |    0 |   34 |      0 |      0 |    0 |          0 |
|           flow_control_loop_pipe_sequential_init_U             |    bd_0_hls_inst_0_spiking_binam_flow_control_loop_pipe_sequential_init |         27 |         27 |       0 |    0 |    2 |      0 |      0 |    0 |          0 |
|         mul_6ns_5ns_7_1_1_U329                                 |                         bd_0_hls_inst_0_spiking_binam_mul_6ns_5ns_7_1_1 |          5 |          5 |       0 |    0 |    0 |      0 |      0 |    0 |          0 |
|         p_ZL14storage_matrix_0_U                               |        bd_0_hls_inst_0_spiking_binam_p_ZL14storage_matrix_0_ROM_AUTO_1R |          4 |          4 |       0 |    0 |    1 |      0 |      0 |    0 |          0 |
|         p_ZL14storage_matrix_100_U                             |      bd_0_hls_inst_0_spiking_binam_p_ZL14storage_matrix_100_ROM_AUTO_1R |          4 |          4 |       0 |    0 |    1 |      0 |      0 |    0 |          0 |
|         p_ZL14storage_matrix_101_U                             |      bd_0_hls_inst_0_spiking_binam_p_ZL14storage_matrix_101_ROM_AUTO_1R |          4 |          4 |       0 |    0 |    1 |      0 |      0 |    0 |          0 |
|         p_ZL14storage_matrix_102_U                             |      bd_0_hls_inst_0_spiking_binam_p_ZL14storage_matrix_102_ROM_AUTO_1R |          4 |          4 |       0 |    0 |    1 |      0 |      0 |    0 |          0 |
|         p_ZL14storage_matrix_103_U                             |      bd_0_hls_inst_0_spiking_binam_p_ZL14storage_matrix_103_ROM_AUTO_1R |          4 |          4 |       0 |    0 |    1 |      0 |      0 |    0 |          0 |
|         p_ZL14storage_matrix_104_U                             |      bd_0_hls_inst_0_spiking_binam_p_ZL14storage_matrix_104_ROM_AUTO_1R |          4 |          4 |       0 |    0 |    1 |      0 |      0 |    0 |          0 |
|         p_ZL14storage_matrix_105_U                             |      bd_0_hls_inst_0_spiking_binam_p_ZL14storage_matrix_105_ROM_AUTO_1R |          3 |          3 |       0 |    0 |    1 |      0 |      0 |    0 |          0 |
|         p_ZL14storage_matrix_106_U                             |      bd_0_hls_inst_0_spiking_binam_p_ZL14storage_matrix_106_ROM_AUTO_1R |          3 |          3 |       0 |    0 |    1 |      0 |      0 |    0 |          0 |
|         p_ZL14storage_matrix_107_U                             |      bd_0_hls_inst_0_spiking_binam_p_ZL14storage_matrix_107_ROM_AUTO_1R |          4 |          4 |       0 |    0 |    1 |      0 |      0 |    0 |          0 |
|         p_ZL14storage_matrix_108_U                             |      bd_0_hls_inst_0_spiking_binam_p_ZL14storage_matrix_108_ROM_AUTO_1R |          5 |          5 |       0 |    0 |    1 |      0 |      0 |    0 |          0 |
|         p_ZL14storage_matrix_109_U                             |      bd_0_hls_inst_0_spiking_binam_p_ZL14storage_matrix_109_ROM_AUTO_1R |          4 |          4 |       0 |    0 |    1 |      0 |      0 |    0 |          0 |
|         p_ZL14storage_matrix_10_U                              |       bd_0_hls_inst_0_spiking_binam_p_ZL14storage_matrix_10_ROM_AUTO_1R |          4 |          4 |       0 |    0 |    1 |      0 |      0 |    0 |          0 |
|         p_ZL14storage_matrix_110_U                             |      bd_0_hls_inst_0_spiking_binam_p_ZL14storage_matrix_110_ROM_AUTO_1R |          4 |          4 |       0 |    0 |    1 |      0 |      0 |    0 |          0 |
|         p_ZL14storage_matrix_111_U                             |      bd_0_hls_inst_0_spiking_binam_p_ZL14storage_matrix_111_ROM_AUTO_1R |          4 |          4 |       0 |    0 |    1 |      0 |      0 |    0 |          0 |
|         p_ZL14storage_matrix_112_U                             |      bd_0_hls_inst_0_spiking_binam_p_ZL14storage_matrix_112_ROM_AUTO_1R |          4 |          4 |       0 |    0 |    1 |      0 |      0 |    0 |          0 |
|         p_ZL14storage_matrix_113_U                             |      bd_0_hls_inst_0_spiking_binam_p_ZL14storage_matrix_113_ROM_AUTO_1R |          4 |          4 |       0 |    0 |    1 |      0 |      0 |    0 |          0 |
|         p_ZL14storage_matrix_114_U                             |      bd_0_hls_inst_0_spiking_binam_p_ZL14storage_matrix_114_ROM_AUTO_1R |          4 |          4 |       0 |    0 |    1 |      0 |      0 |    0 |          0 |
|         p_ZL14storage_matrix_115_U                             |      bd_0_hls_inst_0_spiking_binam_p_ZL14storage_matrix_115_ROM_AUTO_1R |          4 |          4 |       0 |    0 |    1 |      0 |      0 |    0 |          0 |
|         p_ZL14storage_matrix_116_U                             |      bd_0_hls_inst_0_spiking_binam_p_ZL14storage_matrix_116_ROM_AUTO_1R |          3 |          3 |       0 |    0 |    1 |      0 |      0 |    0 |          0 |
|         p_ZL14storage_matrix_117_U                             |      bd_0_hls_inst_0_spiking_binam_p_ZL14storage_matrix_117_ROM_AUTO_1R |          4 |          4 |       0 |    0 |    1 |      0 |      0 |    0 |          0 |
|         p_ZL14storage_matrix_118_U                             |      bd_0_hls_inst_0_spiking_binam_p_ZL14storage_matrix_118_ROM_AUTO_1R |          4 |          4 |       0 |    0 |    1 |      0 |      0 |    0 |          0 |
|         p_ZL14storage_matrix_119_U                             |      bd_0_hls_inst_0_spiking_binam_p_ZL14storage_matrix_119_ROM_AUTO_1R |          4 |          4 |       0 |    0 |    1 |      0 |      0 |    0 |          0 |
|         p_ZL14storage_matrix_11_U                              |       bd_0_hls_inst_0_spiking_binam_p_ZL14storage_matrix_11_ROM_AUTO_1R |          4 |          4 |       0 |    0 |    1 |      0 |      0 |    0 |          0 |
|         p_ZL14storage_matrix_120_U                             |      bd_0_hls_inst_0_spiking_binam_p_ZL14storage_matrix_120_ROM_AUTO_1R |          4 |          4 |       0 |    0 |    1 |      0 |      0 |    0 |          0 |
|         p_ZL14storage_matrix_121_U                             |      bd_0_hls_inst_0_spiking_binam_p_ZL14storage_matrix_121_ROM_AUTO_1R |          4 |          4 |       0 |    0 |    1 |      0 |      0 |    0 |          0 |
|         p_ZL14storage_matrix_122_U                             |      bd_0_hls_inst_0_spiking_binam_p_ZL14storage_matrix_122_ROM_AUTO_1R |          4 |          4 |       0 |    0 |    1 |      0 |      0 |    0 |          0 |
|         p_ZL14storage_matrix_123_U                             |      bd_0_hls_inst_0_spiking_binam_p_ZL14storage_matrix_123_ROM_AUTO_1R |          4 |          4 |       0 |    0 |    1 |      0 |      0 |    0 |          0 |
|         p_ZL14storage_matrix_124_U                             |      bd_0_hls_inst_0_spiking_binam_p_ZL14storage_matrix_124_ROM_AUTO_1R |          4 |          4 |       0 |    0 |    1 |      0 |      0 |    0 |          0 |
|         p_ZL14storage_matrix_125_U                             |      bd_0_hls_inst_0_spiking_binam_p_ZL14storage_matrix_125_ROM_AUTO_1R |          4 |          4 |       0 |    0 |    1 |      0 |      0 |    0 |          0 |
|         p_ZL14storage_matrix_126_U                             |      bd_0_hls_inst_0_spiking_binam_p_ZL14storage_matrix_126_ROM_AUTO_1R |          4 |          4 |       0 |    0 |    1 |      0 |      0 |    0 |          0 |
|         p_ZL14storage_matrix_127_U                             |      bd_0_hls_inst_0_spiking_binam_p_ZL14storage_matrix_127_ROM_AUTO_1R |          4 |          4 |       0 |    0 |    1 |      0 |      0 |    0 |          0 |
|         p_ZL14storage_matrix_128_U                             |      bd_0_hls_inst_0_spiking_binam_p_ZL14storage_matrix_128_ROM_AUTO_1R |          4 |          4 |       0 |    0 |    1 |      0 |      0 |    0 |          0 |
|         p_ZL14storage_matrix_129_U                             |      bd_0_hls_inst_0_spiking_binam_p_ZL14storage_matrix_129_ROM_AUTO_1R |          4 |          4 |       0 |    0 |    1 |      0 |      0 |    0 |          0 |
|         p_ZL14storage_matrix_12_U                              |       bd_0_hls_inst_0_spiking_binam_p_ZL14storage_matrix_12_ROM_AUTO_1R |          3 |          3 |       0 |    0 |    1 |      0 |      0 |    0 |          0 |
|         p_ZL14storage_matrix_130_U                             |      bd_0_hls_inst_0_spiking_binam_p_ZL14storage_matrix_130_ROM_AUTO_1R |          4 |          4 |       0 |    0 |    1 |      0 |      0 |    0 |          0 |
|         p_ZL14storage_matrix_131_U                             |      bd_0_hls_inst_0_spiking_binam_p_ZL14storage_matrix_131_ROM_AUTO_1R |          3 |          3 |       0 |    0 |    1 |      0 |      0 |    0 |          0 |
|         p_ZL14storage_matrix_132_U                             |      bd_0_hls_inst_0_spiking_binam_p_ZL14storage_matrix_132_ROM_AUTO_1R |          4 |          4 |       0 |    0 |    1 |      0 |      0 |    0 |          0 |
|         p_ZL14storage_matrix_133_U                             |      bd_0_hls_inst_0_spiking_binam_p_ZL14storage_matrix_133_ROM_AUTO_1R |          4 |          4 |       0 |    0 |    1 |      0 |      0 |    0 |          0 |
|         p_ZL14storage_matrix_134_U                             |      bd_0_hls_inst_0_spiking_binam_p_ZL14storage_matrix_134_ROM_AUTO_1R |          4 |          4 |       0 |    0 |    1 |      0 |      0 |    0 |          0 |
|         p_ZL14storage_matrix_135_U                             |      bd_0_hls_inst_0_spiking_binam_p_ZL14storage_matrix_135_ROM_AUTO_1R |          4 |          4 |       0 |    0 |    1 |      0 |      0 |    0 |          0 |
|         p_ZL14storage_matrix_136_U                             |      bd_0_hls_inst_0_spiking_binam_p_ZL14storage_matrix_136_ROM_AUTO_1R |          4 |          4 |       0 |    0 |    1 |      0 |      0 |    0 |          0 |
|         p_ZL14storage_matrix_137_U                             |      bd_0_hls_inst_0_spiking_binam_p_ZL14storage_matrix_137_ROM_AUTO_1R |          4 |          4 |       0 |    0 |    1 |      0 |      0 |    0 |          0 |
|         p_ZL14storage_matrix_138_U                             |      bd_0_hls_inst_0_spiking_binam_p_ZL14storage_matrix_138_ROM_AUTO_1R |          4 |          4 |       0 |    0 |    1 |      0 |      0 |    0 |          0 |
|         p_ZL14storage_matrix_139_U                             |      bd_0_hls_inst_0_spiking_binam_p_ZL14storage_matrix_139_ROM_AUTO_1R |          4 |          4 |       0 |    0 |    1 |      0 |      0 |    0 |          0 |
|         p_ZL14storage_matrix_13_U                              |       bd_0_hls_inst_0_spiking_binam_p_ZL14storage_matrix_13_ROM_AUTO_1R |          4 |          4 |       0 |    0 |    1 |      0 |      0 |    0 |          0 |
|         p_ZL14storage_matrix_140_U                             |      bd_0_hls_inst_0_spiking_binam_p_ZL14storage_matrix_140_ROM_AUTO_1R |          4 |          4 |       0 |    0 |    1 |      0 |      0 |    0 |          0 |
|         p_ZL14storage_matrix_141_U                             |      bd_0_hls_inst_0_spiking_binam_p_ZL14storage_matrix_141_ROM_AUTO_1R |          2 |          2 |       0 |    0 |    1 |      0 |      0 |    0 |          0 |
|         p_ZL14storage_matrix_142_U                             |      bd_0_hls_inst_0_spiking_binam_p_ZL14storage_matrix_142_ROM_AUTO_1R |          4 |          4 |       0 |    0 |    1 |      0 |      0 |    0 |          0 |
|         p_ZL14storage_matrix_143_U                             |      bd_0_hls_inst_0_spiking_binam_p_ZL14storage_matrix_143_ROM_AUTO_1R |          4 |          4 |       0 |    0 |    1 |      0 |      0 |    0 |          0 |
|         p_ZL14storage_matrix_144_U                             |      bd_0_hls_inst_0_spiking_binam_p_ZL14storage_matrix_144_ROM_AUTO_1R |          4 |          4 |       0 |    0 |    1 |      0 |      0 |    0 |          0 |
|         p_ZL14storage_matrix_145_U                             |      bd_0_hls_inst_0_spiking_binam_p_ZL14storage_matrix_145_ROM_AUTO_1R |          4 |          4 |       0 |    0 |    1 |      0 |      0 |    0 |          0 |
|         p_ZL14storage_matrix_146_U                             |      bd_0_hls_inst_0_spiking_binam_p_ZL14storage_matrix_146_ROM_AUTO_1R |          4 |          4 |       0 |    0 |    1 |      0 |      0 |    0 |          0 |
|         p_ZL14storage_matrix_147_U                             |      bd_0_hls_inst_0_spiking_binam_p_ZL14storage_matrix_147_ROM_AUTO_1R |          4 |          4 |       0 |    0 |    1 |      0 |      0 |    0 |          0 |
|         p_ZL14storage_matrix_148_U                             |      bd_0_hls_inst_0_spiking_binam_p_ZL14storage_matrix_148_ROM_AUTO_1R |          4 |          4 |       0 |    0 |    1 |      0 |      0 |    0 |          0 |
|         p_ZL14storage_matrix_149_U                             |      bd_0_hls_inst_0_spiking_binam_p_ZL14storage_matrix_149_ROM_AUTO_1R |          4 |          4 |       0 |    0 |    1 |      0 |      0 |    0 |          0 |
|         p_ZL14storage_matrix_14_U                              |       bd_0_hls_inst_0_spiking_binam_p_ZL14storage_matrix_14_ROM_AUTO_1R |          4 |          4 |       0 |    0 |    1 |      0 |      0 |    0 |          0 |
|         p_ZL14storage_matrix_150_U                             |      bd_0_hls_inst_0_spiking_binam_p_ZL14storage_matrix_150_ROM_AUTO_1R |          4 |          4 |       0 |    0 |    1 |      0 |      0 |    0 |          0 |
|         p_ZL14storage_matrix_151_U                             |      bd_0_hls_inst_0_spiking_binam_p_ZL14storage_matrix_151_ROM_AUTO_1R |          4 |          4 |       0 |    0 |    1 |      0 |      0 |    0 |          0 |
|         p_ZL14storage_matrix_152_U                             |      bd_0_hls_inst_0_spiking_binam_p_ZL14storage_matrix_152_ROM_AUTO_1R |          4 |          4 |       0 |    0 |    1 |      0 |      0 |    0 |          0 |
|         p_ZL14storage_matrix_153_U                             |      bd_0_hls_inst_0_spiking_binam_p_ZL14storage_matrix_153_ROM_AUTO_1R |          4 |          4 |       0 |    0 |    1 |      0 |      0 |    0 |          0 |
|         p_ZL14storage_matrix_154_U                             |      bd_0_hls_inst_0_spiking_binam_p_ZL14storage_matrix_154_ROM_AUTO_1R |          4 |          4 |       0 |    0 |    1 |      0 |      0 |    0 |          0 |
|         p_ZL14storage_matrix_155_U                             |      bd_0_hls_inst_0_spiking_binam_p_ZL14storage_matrix_155_ROM_AUTO_1R |          4 |          4 |       0 |    0 |    1 |      0 |      0 |    0 |          0 |
|         p_ZL14storage_matrix_156_U                             |      bd_0_hls_inst_0_spiking_binam_p_ZL14storage_matrix_156_ROM_AUTO_1R |          4 |          4 |       0 |    0 |    1 |      0 |      0 |    0 |          0 |
|         p_ZL14storage_matrix_157_U                             |      bd_0_hls_inst_0_spiking_binam_p_ZL14storage_matrix_157_ROM_AUTO_1R |          4 |          4 |       0 |    0 |    1 |      0 |      0 |    0 |          0 |
|         p_ZL14storage_matrix_158_U                             |      bd_0_hls_inst_0_spiking_binam_p_ZL14storage_matrix_158_ROM_AUTO_1R |          4 |          4 |       0 |    0 |    1 |      0 |      0 |    0 |          0 |
|         p_ZL14storage_matrix_159_U                             |      bd_0_hls_inst_0_spiking_binam_p_ZL14storage_matrix_159_ROM_AUTO_1R |          4 |          4 |       0 |    0 |    1 |      0 |      0 |    0 |          0 |
|         p_ZL14storage_matrix_15_U                              |       bd_0_hls_inst_0_spiking_binam_p_ZL14storage_matrix_15_ROM_AUTO_1R |          4 |          4 |       0 |    0 |    1 |      0 |      0 |    0 |          0 |
|         p_ZL14storage_matrix_160_U                             |      bd_0_hls_inst_0_spiking_binam_p_ZL14storage_matrix_160_ROM_AUTO_1R |          4 |          4 |       0 |    0 |    1 |      0 |      0 |    0 |          0 |
|         p_ZL14storage_matrix_161_U                             |      bd_0_hls_inst_0_spiking_binam_p_ZL14storage_matrix_161_ROM_AUTO_1R |          3 |          3 |       0 |    0 |    1 |      0 |      0 |    0 |          0 |
|         p_ZL14storage_matrix_162_U                             |      bd_0_hls_inst_0_spiking_binam_p_ZL14storage_matrix_162_ROM_AUTO_1R |          4 |          4 |       0 |    0 |    1 |      0 |      0 |    0 |          0 |
|         p_ZL14storage_matrix_163_U                             |      bd_0_hls_inst_0_spiking_binam_p_ZL14storage_matrix_163_ROM_AUTO_1R |          4 |          4 |       0 |    0 |    1 |      0 |      0 |    0 |          0 |
|         p_ZL14storage_matrix_164_U                             |      bd_0_hls_inst_0_spiking_binam_p_ZL14storage_matrix_164_ROM_AUTO_1R |          4 |          4 |       0 |    0 |    1 |      0 |      0 |    0 |          0 |
|         p_ZL14storage_matrix_165_U                             |      bd_0_hls_inst_0_spiking_binam_p_ZL14storage_matrix_165_ROM_AUTO_1R |          4 |          4 |       0 |    0 |    1 |      0 |      0 |    0 |          0 |
|         p_ZL14storage_matrix_166_U                             |      bd_0_hls_inst_0_spiking_binam_p_ZL14storage_matrix_166_ROM_AUTO_1R |          4 |          4 |       0 |    0 |    1 |      0 |      0 |    0 |          0 |
|         p_ZL14storage_matrix_167_U                             |      bd_0_hls_inst_0_spiking_binam_p_ZL14storage_matrix_167_ROM_AUTO_1R |          4 |          4 |       0 |    0 |    1 |      0 |      0 |    0 |          0 |
|         p_ZL14storage_matrix_168_U                             |      bd_0_hls_inst_0_spiking_binam_p_ZL14storage_matrix_168_ROM_AUTO_1R |          4 |          4 |       0 |    0 |    1 |      0 |      0 |    0 |          0 |
|         p_ZL14storage_matrix_169_U                             |      bd_0_hls_inst_0_spiking_binam_p_ZL14storage_matrix_169_ROM_AUTO_1R |          4 |          4 |       0 |    0 |    1 |      0 |      0 |    0 |          0 |
|         p_ZL14storage_matrix_16_U                              |       bd_0_hls_inst_0_spiking_binam_p_ZL14storage_matrix_16_ROM_AUTO_1R |          4 |          4 |       0 |    0 |    1 |      0 |      0 |    0 |          0 |
|         p_ZL14storage_matrix_170_U                             |      bd_0_hls_inst_0_spiking_binam_p_ZL14storage_matrix_170_ROM_AUTO_1R |          4 |          4 |       0 |    0 |    1 |      0 |      0 |    0 |          0 |
|         p_ZL14storage_matrix_171_U                             |      bd_0_hls_inst_0_spiking_binam_p_ZL14storage_matrix_171_ROM_AUTO_1R |          4 |          4 |       0 |    0 |    1 |      0 |      0 |    0 |          0 |
|         p_ZL14storage_matrix_172_U                             |      bd_0_hls_inst_0_spiking_binam_p_ZL14storage_matrix_172_ROM_AUTO_1R |          4 |          4 |       0 |    0 |    1 |      0 |      0 |    0 |          0 |
|         p_ZL14storage_matrix_173_U                             |      bd_0_hls_inst_0_spiking_binam_p_ZL14storage_matrix_173_ROM_AUTO_1R |          4 |          4 |       0 |    0 |    1 |      0 |      0 |    0 |          0 |
|         p_ZL14storage_matrix_174_U                             |      bd_0_hls_inst_0_spiking_binam_p_ZL14storage_matrix_174_ROM_AUTO_1R |          4 |          4 |       0 |    0 |    1 |      0 |      0 |    0 |          0 |
|         p_ZL14storage_matrix_175_U                             |      bd_0_hls_inst_0_spiking_binam_p_ZL14storage_matrix_175_ROM_AUTO_1R |          4 |          4 |       0 |    0 |    1 |      0 |      0 |    0 |          0 |
|         p_ZL14storage_matrix_176_U                             |      bd_0_hls_inst_0_spiking_binam_p_ZL14storage_matrix_176_ROM_AUTO_1R |          4 |          4 |       0 |    0 |    1 |      0 |      0 |    0 |          0 |
|         p_ZL14storage_matrix_177_U                             |      bd_0_hls_inst_0_spiking_binam_p_ZL14storage_matrix_177_ROM_AUTO_1R |          2 |          2 |       0 |    0 |    1 |      0 |      0 |    0 |          0 |
|         p_ZL14storage_matrix_178_U                             |      bd_0_hls_inst_0_spiking_binam_p_ZL14storage_matrix_178_ROM_AUTO_1R |          4 |          4 |       0 |    0 |    1 |      0 |      0 |    0 |          0 |
|         p_ZL14storage_matrix_179_U                             |      bd_0_hls_inst_0_spiking_binam_p_ZL14storage_matrix_179_ROM_AUTO_1R |          3 |          3 |       0 |    0 |    1 |      0 |      0 |    0 |          0 |
|         p_ZL14storage_matrix_17_U                              |       bd_0_hls_inst_0_spiking_binam_p_ZL14storage_matrix_17_ROM_AUTO_1R |          4 |          4 |       0 |    0 |    1 |      0 |      0 |    0 |          0 |
|         p_ZL14storage_matrix_180_U                             |      bd_0_hls_inst_0_spiking_binam_p_ZL14storage_matrix_180_ROM_AUTO_1R |          4 |          4 |       0 |    0 |    1 |      0 |      0 |    0 |          0 |
|         p_ZL14storage_matrix_181_U                             |      bd_0_hls_inst_0_spiking_binam_p_ZL14storage_matrix_181_ROM_AUTO_1R |          4 |          4 |       0 |    0 |    1 |      0 |      0 |    0 |          0 |
|         p_ZL14storage_matrix_182_U                             |      bd_0_hls_inst_0_spiking_binam_p_ZL14storage_matrix_182_ROM_AUTO_1R |          4 |          4 |       0 |    0 |    1 |      0 |      0 |    0 |          0 |
|         p_ZL14storage_matrix_183_U                             |      bd_0_hls_inst_0_spiking_binam_p_ZL14storage_matrix_183_ROM_AUTO_1R |          4 |          4 |       0 |    0 |    1 |      0 |      0 |    0 |          0 |
|         p_ZL14storage_matrix_184_U                             |      bd_0_hls_inst_0_spiking_binam_p_ZL14storage_matrix_184_ROM_AUTO_1R |          4 |          4 |       0 |    0 |    1 |      0 |      0 |    0 |          0 |
|         p_ZL14storage_matrix_185_U                             |      bd_0_hls_inst_0_spiking_binam_p_ZL14storage_matrix_185_ROM_AUTO_1R |          4 |          4 |       0 |    0 |    1 |      0 |      0 |    0 |          0 |
|         p_ZL14storage_matrix_186_U                             |      bd_0_hls_inst_0_spiking_binam_p_ZL14storage_matrix_186_ROM_AUTO_1R |          4 |          4 |       0 |    0 |    1 |      0 |      0 |    0 |          0 |
|         p_ZL14storage_matrix_187_U                             |      bd_0_hls_inst_0_spiking_binam_p_ZL14storage_matrix_187_ROM_AUTO_1R |          4 |          4 |       0 |    0 |    1 |      0 |      0 |    0 |          0 |
|         p_ZL14storage_matrix_188_U                             |      bd_0_hls_inst_0_spiking_binam_p_ZL14storage_matrix_188_ROM_AUTO_1R |          4 |          4 |       0 |    0 |    1 |      0 |      0 |    0 |          0 |
|         p_ZL14storage_matrix_189_U                             |      bd_0_hls_inst_0_spiking_binam_p_ZL14storage_matrix_189_ROM_AUTO_1R |          4 |          4 |       0 |    0 |    1 |      0 |      0 |    0 |          0 |
|         p_ZL14storage_matrix_18_U                              |       bd_0_hls_inst_0_spiking_binam_p_ZL14storage_matrix_18_ROM_AUTO_1R |          3 |          3 |       0 |    0 |    1 |      0 |      0 |    0 |          0 |
|         p_ZL14storage_matrix_190_U                             |      bd_0_hls_inst_0_spiking_binam_p_ZL14storage_matrix_190_ROM_AUTO_1R |          4 |          4 |       0 |    0 |    1 |      0 |      0 |    0 |          0 |
|         p_ZL14storage_matrix_191_U                             |      bd_0_hls_inst_0_spiking_binam_p_ZL14storage_matrix_191_ROM_AUTO_1R |          4 |          4 |       0 |    0 |    1 |      0 |      0 |    0 |          0 |
|         p_ZL14storage_matrix_192_U                             |      bd_0_hls_inst_0_spiking_binam_p_ZL14storage_matrix_192_ROM_AUTO_1R |          4 |          4 |       0 |    0 |    1 |      0 |      0 |    0 |          0 |
|         p_ZL14storage_matrix_193_U                             |      bd_0_hls_inst_0_spiking_binam_p_ZL14storage_matrix_193_ROM_AUTO_1R |          4 |          4 |       0 |    0 |    1 |      0 |      0 |    0 |          0 |
|         p_ZL14storage_matrix_194_U                             |      bd_0_hls_inst_0_spiking_binam_p_ZL14storage_matrix_194_ROM_AUTO_1R |          4 |          4 |       0 |    0 |    1 |      0 |      0 |    0 |          0 |
|         p_ZL14storage_matrix_195_U                             |      bd_0_hls_inst_0_spiking_binam_p_ZL14storage_matrix_195_ROM_AUTO_1R |          2 |          2 |       0 |    0 |    1 |      0 |      0 |    0 |          0 |
|         p_ZL14storage_matrix_196_U                             |      bd_0_hls_inst_0_spiking_binam_p_ZL14storage_matrix_196_ROM_AUTO_1R |          4 |          4 |       0 |    0 |    1 |      0 |      0 |    0 |          0 |
|         p_ZL14storage_matrix_197_U                             |      bd_0_hls_inst_0_spiking_binam_p_ZL14storage_matrix_197_ROM_AUTO_1R |          4 |          4 |       0 |    0 |    1 |      0 |      0 |    0 |          0 |
|         p_ZL14storage_matrix_198_U                             |      bd_0_hls_inst_0_spiking_binam_p_ZL14storage_matrix_198_ROM_AUTO_1R |          4 |          4 |       0 |    0 |    1 |      0 |      0 |    0 |          0 |
|         p_ZL14storage_matrix_199_U                             |      bd_0_hls_inst_0_spiking_binam_p_ZL14storage_matrix_199_ROM_AUTO_1R |          4 |          4 |       0 |    0 |    1 |      0 |      0 |    0 |          0 |
|         p_ZL14storage_matrix_19_U                              |       bd_0_hls_inst_0_spiking_binam_p_ZL14storage_matrix_19_ROM_AUTO_1R |          4 |          4 |       0 |    0 |    1 |      0 |      0 |    0 |          0 |
|         p_ZL14storage_matrix_1_U                               |        bd_0_hls_inst_0_spiking_binam_p_ZL14storage_matrix_1_ROM_AUTO_1R |          4 |          4 |       0 |    0 |    1 |      0 |      0 |    0 |          0 |
|         p_ZL14storage_matrix_200_U                             |      bd_0_hls_inst_0_spiking_binam_p_ZL14storage_matrix_200_ROM_AUTO_1R |          4 |          4 |       0 |    0 |    1 |      0 |      0 |    0 |          0 |
|         p_ZL14storage_matrix_201_U                             |      bd_0_hls_inst_0_spiking_binam_p_ZL14storage_matrix_201_ROM_AUTO_1R |          4 |          4 |       0 |    0 |    1 |      0 |      0 |    0 |          0 |
|         p_ZL14storage_matrix_202_U                             |      bd_0_hls_inst_0_spiking_binam_p_ZL14storage_matrix_202_ROM_AUTO_1R |          4 |          4 |       0 |    0 |    1 |      0 |      0 |    0 |          0 |
|         p_ZL14storage_matrix_203_U                             |      bd_0_hls_inst_0_spiking_binam_p_ZL14storage_matrix_203_ROM_AUTO_1R |          4 |          4 |       0 |    0 |    1 |      0 |      0 |    0 |          0 |
|         p_ZL14storage_matrix_204_U                             |      bd_0_hls_inst_0_spiking_binam_p_ZL14storage_matrix_204_ROM_AUTO_1R |          4 |          4 |       0 |    0 |    1 |      0 |      0 |    0 |          0 |
|         p_ZL14storage_matrix_205_U                             |      bd_0_hls_inst_0_spiking_binam_p_ZL14storage_matrix_205_ROM_AUTO_1R |          4 |          4 |       0 |    0 |    1 |      0 |      0 |    0 |          0 |
|         p_ZL14storage_matrix_206_U                             |      bd_0_hls_inst_0_spiking_binam_p_ZL14storage_matrix_206_ROM_AUTO_1R |          4 |          4 |       0 |    0 |    1 |      0 |      0 |    0 |          0 |
|         p_ZL14storage_matrix_207_U                             |      bd_0_hls_inst_0_spiking_binam_p_ZL14storage_matrix_207_ROM_AUTO_1R |          4 |          4 |       0 |    0 |    1 |      0 |      0 |    0 |          0 |
|         p_ZL14storage_matrix_208_U                             |      bd_0_hls_inst_0_spiking_binam_p_ZL14storage_matrix_208_ROM_AUTO_1R |          4 |          4 |       0 |    0 |    1 |      0 |      0 |    0 |          0 |
|         p_ZL14storage_matrix_209_U                             |      bd_0_hls_inst_0_spiking_binam_p_ZL14storage_matrix_209_ROM_AUTO_1R |          4 |          4 |       0 |    0 |    1 |      0 |      0 |    0 |          0 |
|         p_ZL14storage_matrix_20_U                              |       bd_0_hls_inst_0_spiking_binam_p_ZL14storage_matrix_20_ROM_AUTO_1R |          3 |          3 |       0 |    0 |    1 |      0 |      0 |    0 |          0 |
|         p_ZL14storage_matrix_210_U                             |      bd_0_hls_inst_0_spiking_binam_p_ZL14storage_matrix_210_ROM_AUTO_1R |          4 |          4 |       0 |    0 |    1 |      0 |      0 |    0 |          0 |
|         p_ZL14storage_matrix_211_U                             |      bd_0_hls_inst_0_spiking_binam_p_ZL14storage_matrix_211_ROM_AUTO_1R |          4 |          4 |       0 |    0 |    1 |      0 |      0 |    0 |          0 |
|         p_ZL14storage_matrix_212_U                             |      bd_0_hls_inst_0_spiking_binam_p_ZL14storage_matrix_212_ROM_AUTO_1R |          4 |          4 |       0 |    0 |    1 |      0 |      0 |    0 |          0 |
|         p_ZL14storage_matrix_213_U                             |      bd_0_hls_inst_0_spiking_binam_p_ZL14storage_matrix_213_ROM_AUTO_1R |          4 |          4 |       0 |    0 |    1 |      0 |      0 |    0 |          0 |
|         p_ZL14storage_matrix_214_U                             |      bd_0_hls_inst_0_spiking_binam_p_ZL14storage_matrix_214_ROM_AUTO_1R |          4 |          4 |       0 |    0 |    1 |      0 |      0 |    0 |          0 |
|         p_ZL14storage_matrix_215_U                             |      bd_0_hls_inst_0_spiking_binam_p_ZL14storage_matrix_215_ROM_AUTO_1R |          4 |          4 |       0 |    0 |    1 |      0 |      0 |    0 |          0 |
|         p_ZL14storage_matrix_216_U                             |      bd_0_hls_inst_0_spiking_binam_p_ZL14storage_matrix_216_ROM_AUTO_1R |          4 |          4 |       0 |    0 |    1 |      0 |      0 |    0 |          0 |
|         p_ZL14storage_matrix_217_U                             |      bd_0_hls_inst_0_spiking_binam_p_ZL14storage_matrix_217_ROM_AUTO_1R |          4 |          4 |       0 |    0 |    1 |      0 |      0 |    0 |          0 |
|         p_ZL14storage_matrix_218_U                             |      bd_0_hls_inst_0_spiking_binam_p_ZL14storage_matrix_218_ROM_AUTO_1R |          4 |          4 |       0 |    0 |    1 |      0 |      0 |    0 |          0 |
|         p_ZL14storage_matrix_219_U                             |      bd_0_hls_inst_0_spiking_binam_p_ZL14storage_matrix_219_ROM_AUTO_1R |          4 |          4 |       0 |    0 |    1 |      0 |      0 |    0 |          0 |
|         p_ZL14storage_matrix_21_U                              |       bd_0_hls_inst_0_spiking_binam_p_ZL14storage_matrix_21_ROM_AUTO_1R |          4 |          4 |       0 |    0 |    1 |      0 |      0 |    0 |          0 |
|         p_ZL14storage_matrix_220_U                             |      bd_0_hls_inst_0_spiking_binam_p_ZL14storage_matrix_220_ROM_AUTO_1R |          4 |          4 |       0 |    0 |    1 |      0 |      0 |    0 |          0 |
|         p_ZL14storage_matrix_221_U                             |      bd_0_hls_inst_0_spiking_binam_p_ZL14storage_matrix_221_ROM_AUTO_1R |          4 |          4 |       0 |    0 |    1 |      0 |      0 |    0 |          0 |
|         p_ZL14storage_matrix_222_U                             |      bd_0_hls_inst_0_spiking_binam_p_ZL14storage_matrix_222_ROM_AUTO_1R |          4 |          4 |       0 |    0 |    1 |      0 |      0 |    0 |          0 |
|         p_ZL14storage_matrix_223_U                             |      bd_0_hls_inst_0_spiking_binam_p_ZL14storage_matrix_223_ROM_AUTO_1R |          4 |          4 |       0 |    0 |    1 |      0 |      0 |    0 |          0 |
|         p_ZL14storage_matrix_224_U                             |      bd_0_hls_inst_0_spiking_binam_p_ZL14storage_matrix_224_ROM_AUTO_1R |          4 |          4 |       0 |    0 |    1 |      0 |      0 |    0 |          0 |
|         p_ZL14storage_matrix_225_U                             |      bd_0_hls_inst_0_spiking_binam_p_ZL14storage_matrix_225_ROM_AUTO_1R |          4 |          4 |       0 |    0 |    1 |      0 |      0 |    0 |          0 |
|         p_ZL14storage_matrix_226_U                             |      bd_0_hls_inst_0_spiking_binam_p_ZL14storage_matrix_226_ROM_AUTO_1R |          2 |          2 |       0 |    0 |    1 |      0 |      0 |    0 |          0 |
|         p_ZL14storage_matrix_227_U                             |      bd_0_hls_inst_0_spiking_binam_p_ZL14storage_matrix_227_ROM_AUTO_1R |          4 |          4 |       0 |    0 |    1 |      0 |      0 |    0 |          0 |
|         p_ZL14storage_matrix_228_U                             |      bd_0_hls_inst_0_spiking_binam_p_ZL14storage_matrix_228_ROM_AUTO_1R |          4 |          4 |       0 |    0 |    1 |      0 |      0 |    0 |          0 |
|         p_ZL14storage_matrix_229_U                             |      bd_0_hls_inst_0_spiking_binam_p_ZL14storage_matrix_229_ROM_AUTO_1R |          4 |          4 |       0 |    0 |    1 |      0 |      0 |    0 |          0 |
|         p_ZL14storage_matrix_22_U                              |       bd_0_hls_inst_0_spiking_binam_p_ZL14storage_matrix_22_ROM_AUTO_1R |          4 |          4 |       0 |    0 |    1 |      0 |      0 |    0 |          0 |
|         p_ZL14storage_matrix_230_U                             |      bd_0_hls_inst_0_spiking_binam_p_ZL14storage_matrix_230_ROM_AUTO_1R |          4 |          4 |       0 |    0 |    1 |      0 |      0 |    0 |          0 |
|         p_ZL14storage_matrix_231_U                             |      bd_0_hls_inst_0_spiking_binam_p_ZL14storage_matrix_231_ROM_AUTO_1R |          4 |          4 |       0 |    0 |    1 |      0 |      0 |    0 |          0 |
|         p_ZL14storage_matrix_232_U                             |      bd_0_hls_inst_0_spiking_binam_p_ZL14storage_matrix_232_ROM_AUTO_1R |          4 |          4 |       0 |    0 |    1 |      0 |      0 |    0 |          0 |
|         p_ZL14storage_matrix_233_U                             |      bd_0_hls_inst_0_spiking_binam_p_ZL14storage_matrix_233_ROM_AUTO_1R |          4 |          4 |       0 |    0 |    1 |      0 |      0 |    0 |          0 |
|         p_ZL14storage_matrix_234_U                             |      bd_0_hls_inst_0_spiking_binam_p_ZL14storage_matrix_234_ROM_AUTO_1R |          4 |          4 |       0 |    0 |    1 |      0 |      0 |    0 |          0 |
|         p_ZL14storage_matrix_235_U                             |      bd_0_hls_inst_0_spiking_binam_p_ZL14storage_matrix_235_ROM_AUTO_1R |          4 |          4 |       0 |    0 |    1 |      0 |      0 |    0 |          0 |
|         p_ZL14storage_matrix_236_U                             |      bd_0_hls_inst_0_spiking_binam_p_ZL14storage_matrix_236_ROM_AUTO_1R |          4 |          4 |       0 |    0 |    1 |      0 |      0 |    0 |          0 |
|         p_ZL14storage_matrix_237_U                             |      bd_0_hls_inst_0_spiking_binam_p_ZL14storage_matrix_237_ROM_AUTO_1R |          4 |          4 |       0 |    0 |    1 |      0 |      0 |    0 |          0 |
|         p_ZL14storage_matrix_238_U                             |      bd_0_hls_inst_0_spiking_binam_p_ZL14storage_matrix_238_ROM_AUTO_1R |          4 |          4 |       0 |    0 |    1 |      0 |      0 |    0 |          0 |
|         p_ZL14storage_matrix_239_U                             |      bd_0_hls_inst_0_spiking_binam_p_ZL14storage_matrix_239_ROM_AUTO_1R |          4 |          4 |       0 |    0 |    1 |      0 |      0 |    0 |          0 |
|         p_ZL14storage_matrix_23_U                              |       bd_0_hls_inst_0_spiking_binam_p_ZL14storage_matrix_23_ROM_AUTO_1R |          4 |          4 |       0 |    0 |    1 |      0 |      0 |    0 |          0 |
|         p_ZL14storage_matrix_240_U                             |      bd_0_hls_inst_0_spiking_binam_p_ZL14storage_matrix_240_ROM_AUTO_1R |          4 |          4 |       0 |    0 |    1 |      0 |      0 |    0 |          0 |
|         p_ZL14storage_matrix_241_U                             |      bd_0_hls_inst_0_spiking_binam_p_ZL14storage_matrix_241_ROM_AUTO_1R |          4 |          4 |       0 |    0 |    1 |      0 |      0 |    0 |          0 |
|         p_ZL14storage_matrix_242_U                             |      bd_0_hls_inst_0_spiking_binam_p_ZL14storage_matrix_242_ROM_AUTO_1R |          4 |          4 |       0 |    0 |    1 |      0 |      0 |    0 |          0 |
|         p_ZL14storage_matrix_243_U                             |      bd_0_hls_inst_0_spiking_binam_p_ZL14storage_matrix_243_ROM_AUTO_1R |          2 |          2 |       0 |    0 |    1 |      0 |      0 |    0 |          0 |
|         p_ZL14storage_matrix_244_U                             |      bd_0_hls_inst_0_spiking_binam_p_ZL14storage_matrix_244_ROM_AUTO_1R |          4 |          4 |       0 |    0 |    1 |      0 |      0 |    0 |          0 |
|         p_ZL14storage_matrix_245_U                             |      bd_0_hls_inst_0_spiking_binam_p_ZL14storage_matrix_245_ROM_AUTO_1R |          4 |          4 |       0 |    0 |    1 |      0 |      0 |    0 |          0 |
|         p_ZL14storage_matrix_246_U                             |      bd_0_hls_inst_0_spiking_binam_p_ZL14storage_matrix_246_ROM_AUTO_1R |          4 |          4 |       0 |    0 |    1 |      0 |      0 |    0 |          0 |
|         p_ZL14storage_matrix_247_U                             |      bd_0_hls_inst_0_spiking_binam_p_ZL14storage_matrix_247_ROM_AUTO_1R |          4 |          4 |       0 |    0 |    1 |      0 |      0 |    0 |          0 |
|         p_ZL14storage_matrix_248_U                             |      bd_0_hls_inst_0_spiking_binam_p_ZL14storage_matrix_248_ROM_AUTO_1R |          4 |          4 |       0 |    0 |    1 |      0 |      0 |    0 |          0 |
|         p_ZL14storage_matrix_249_U                             |      bd_0_hls_inst_0_spiking_binam_p_ZL14storage_matrix_249_ROM_AUTO_1R |          4 |          4 |       0 |    0 |    1 |      0 |      0 |    0 |          0 |
|         p_ZL14storage_matrix_24_U                              |       bd_0_hls_inst_0_spiking_binam_p_ZL14storage_matrix_24_ROM_AUTO_1R |          4 |          4 |       0 |    0 |    1 |      0 |      0 |    0 |          0 |
|         p_ZL14storage_matrix_250_U                             |      bd_0_hls_inst_0_spiking_binam_p_ZL14storage_matrix_250_ROM_AUTO_1R |          4 |          4 |       0 |    0 |    1 |      0 |      0 |    0 |          0 |
|         p_ZL14storage_matrix_251_U                             |      bd_0_hls_inst_0_spiking_binam_p_ZL14storage_matrix_251_ROM_AUTO_1R |          4 |          4 |       0 |    0 |    1 |      0 |      0 |    0 |          0 |
|         p_ZL14storage_matrix_252_U                             |      bd_0_hls_inst_0_spiking_binam_p_ZL14storage_matrix_252_ROM_AUTO_1R |          4 |          4 |       0 |    0 |    1 |      0 |      0 |    0 |          0 |
|         p_ZL14storage_matrix_253_U                             |      bd_0_hls_inst_0_spiking_binam_p_ZL14storage_matrix_253_ROM_AUTO_1R |          4 |          4 |       0 |    0 |    1 |      0 |      0 |    0 |          0 |
|         p_ZL14storage_matrix_254_U                             |      bd_0_hls_inst_0_spiking_binam_p_ZL14storage_matrix_254_ROM_AUTO_1R |          5 |          5 |       0 |    0 |    1 |      0 |      0 |    0 |          0 |
|         p_ZL14storage_matrix_255_U                             |      bd_0_hls_inst_0_spiking_binam_p_ZL14storage_matrix_255_ROM_AUTO_1R |          4 |          4 |       0 |    0 |    1 |      0 |      0 |    0 |          0 |
|         p_ZL14storage_matrix_25_U                              |       bd_0_hls_inst_0_spiking_binam_p_ZL14storage_matrix_25_ROM_AUTO_1R |          2 |          2 |       0 |    0 |    1 |      0 |      0 |    0 |          0 |
|         p_ZL14storage_matrix_26_U                              |       bd_0_hls_inst_0_spiking_binam_p_ZL14storage_matrix_26_ROM_AUTO_1R |          4 |          4 |       0 |    0 |    1 |      0 |      0 |    0 |          0 |
|         p_ZL14storage_matrix_27_U                              |       bd_0_hls_inst_0_spiking_binam_p_ZL14storage_matrix_27_ROM_AUTO_1R |          4 |          4 |       0 |    0 |    1 |      0 |      0 |    0 |          0 |
|         p_ZL14storage_matrix_28_U                              |       bd_0_hls_inst_0_spiking_binam_p_ZL14storage_matrix_28_ROM_AUTO_1R |          4 |          4 |       0 |    0 |    1 |      0 |      0 |    0 |          0 |
|         p_ZL14storage_matrix_29_U                              |       bd_0_hls_inst_0_spiking_binam_p_ZL14storage_matrix_29_ROM_AUTO_1R |          4 |          4 |       0 |    0 |    1 |      0 |      0 |    0 |          0 |
|         p_ZL14storage_matrix_2_U                               |        bd_0_hls_inst_0_spiking_binam_p_ZL14storage_matrix_2_ROM_AUTO_1R |          4 |          4 |       0 |    0 |    1 |      0 |      0 |    0 |          0 |
|         p_ZL14storage_matrix_30_U                              |       bd_0_hls_inst_0_spiking_binam_p_ZL14storage_matrix_30_ROM_AUTO_1R |          4 |          4 |       0 |    0 |    1 |      0 |      0 |    0 |          0 |
|         p_ZL14storage_matrix_31_U                              |       bd_0_hls_inst_0_spiking_binam_p_ZL14storage_matrix_31_ROM_AUTO_1R |          4 |          4 |       0 |    0 |    1 |      0 |      0 |    0 |          0 |
|         p_ZL14storage_matrix_32_U                              |       bd_0_hls_inst_0_spiking_binam_p_ZL14storage_matrix_32_ROM_AUTO_1R |          4 |          4 |       0 |    0 |    1 |      0 |      0 |    0 |          0 |
|         p_ZL14storage_matrix_33_U                              |       bd_0_hls_inst_0_spiking_binam_p_ZL14storage_matrix_33_ROM_AUTO_1R |          4 |          4 |       0 |    0 |    1 |      0 |      0 |    0 |          0 |
|         p_ZL14storage_matrix_34_U                              |       bd_0_hls_inst_0_spiking_binam_p_ZL14storage_matrix_34_ROM_AUTO_1R |          4 |          4 |       0 |    0 |    1 |      0 |      0 |    0 |          0 |
|         p_ZL14storage_matrix_35_U                              |       bd_0_hls_inst_0_spiking_binam_p_ZL14storage_matrix_35_ROM_AUTO_1R |          4 |          4 |       0 |    0 |    1 |      0 |      0 |    0 |          0 |
|         p_ZL14storage_matrix_36_U                              |       bd_0_hls_inst_0_spiking_binam_p_ZL14storage_matrix_36_ROM_AUTO_1R |          4 |          4 |       0 |    0 |    1 |      0 |      0 |    0 |          0 |
|         p_ZL14storage_matrix_37_U                              |       bd_0_hls_inst_0_spiking_binam_p_ZL14storage_matrix_37_ROM_AUTO_1R |          4 |          4 |       0 |    0 |    1 |      0 |      0 |    0 |          0 |
|         p_ZL14storage_matrix_38_U                              |       bd_0_hls_inst_0_spiking_binam_p_ZL14storage_matrix_38_ROM_AUTO_1R |          4 |          4 |       0 |    0 |    1 |      0 |      0 |    0 |          0 |
|         p_ZL14storage_matrix_39_U                              |       bd_0_hls_inst_0_spiking_binam_p_ZL14storage_matrix_39_ROM_AUTO_1R |          4 |          4 |       0 |    0 |    1 |      0 |      0 |    0 |          0 |
|         p_ZL14storage_matrix_3_U                               |        bd_0_hls_inst_0_spiking_binam_p_ZL14storage_matrix_3_ROM_AUTO_1R |          4 |          4 |       0 |    0 |    1 |      0 |      0 |    0 |          0 |
|         p_ZL14storage_matrix_40_U                              |       bd_0_hls_inst_0_spiking_binam_p_ZL14storage_matrix_40_ROM_AUTO_1R |          3 |          3 |       0 |    0 |    1 |      0 |      0 |    0 |          0 |
|         p_ZL14storage_matrix_41_U                              |       bd_0_hls_inst_0_spiking_binam_p_ZL14storage_matrix_41_ROM_AUTO_1R |          4 |          4 |       0 |    0 |    1 |      0 |      0 |    0 |          0 |
|         p_ZL14storage_matrix_42_U                              |       bd_0_hls_inst_0_spiking_binam_p_ZL14storage_matrix_42_ROM_AUTO_1R |          4 |          4 |       0 |    0 |    1 |      0 |      0 |    0 |          0 |
|         p_ZL14storage_matrix_43_U                              |       bd_0_hls_inst_0_spiking_binam_p_ZL14storage_matrix_43_ROM_AUTO_1R |          4 |          4 |       0 |    0 |    1 |      0 |      0 |    0 |          0 |
|         p_ZL14storage_matrix_44_U                              |       bd_0_hls_inst_0_spiking_binam_p_ZL14storage_matrix_44_ROM_AUTO_1R |          3 |          3 |       0 |    0 |    1 |      0 |      0 |    0 |          0 |
|         p_ZL14storage_matrix_45_U                              |       bd_0_hls_inst_0_spiking_binam_p_ZL14storage_matrix_45_ROM_AUTO_1R |          4 |          4 |       0 |    0 |    1 |      0 |      0 |    0 |          0 |
|         p_ZL14storage_matrix_46_U                              |       bd_0_hls_inst_0_spiking_binam_p_ZL14storage_matrix_46_ROM_AUTO_1R |          4 |          4 |       0 |    0 |    1 |      0 |      0 |    0 |          0 |
|         p_ZL14storage_matrix_47_U                              |       bd_0_hls_inst_0_spiking_binam_p_ZL14storage_matrix_47_ROM_AUTO_1R |          2 |          2 |       0 |    0 |    1 |      0 |      0 |    0 |          0 |
|         p_ZL14storage_matrix_48_U                              |       bd_0_hls_inst_0_spiking_binam_p_ZL14storage_matrix_48_ROM_AUTO_1R |          4 |          4 |       0 |    0 |    1 |      0 |      0 |    0 |          0 |
|         p_ZL14storage_matrix_49_U                              |       bd_0_hls_inst_0_spiking_binam_p_ZL14storage_matrix_49_ROM_AUTO_1R |          4 |          4 |       0 |    0 |    1 |      0 |      0 |    0 |          0 |
|         p_ZL14storage_matrix_4_U                               |        bd_0_hls_inst_0_spiking_binam_p_ZL14storage_matrix_4_ROM_AUTO_1R |          4 |          4 |       0 |    0 |    1 |      0 |      0 |    0 |          0 |
|         p_ZL14storage_matrix_50_U                              |       bd_0_hls_inst_0_spiking_binam_p_ZL14storage_matrix_50_ROM_AUTO_1R |          3 |          3 |       0 |    0 |    1 |      0 |      0 |    0 |          0 |
|         p_ZL14storage_matrix_51_U                              |       bd_0_hls_inst_0_spiking_binam_p_ZL14storage_matrix_51_ROM_AUTO_1R |          4 |          4 |       0 |    0 |    1 |      0 |      0 |    0 |          0 |
|         p_ZL14storage_matrix_52_U                              |       bd_0_hls_inst_0_spiking_binam_p_ZL14storage_matrix_52_ROM_AUTO_1R |          2 |          2 |       0 |    0 |    1 |      0 |      0 |    0 |          0 |
|         p_ZL14storage_matrix_53_U                              |       bd_0_hls_inst_0_spiking_binam_p_ZL14storage_matrix_53_ROM_AUTO_1R |          4 |          4 |       0 |    0 |    1 |      0 |      0 |    0 |          0 |
|         p_ZL14storage_matrix_54_U                              |       bd_0_hls_inst_0_spiking_binam_p_ZL14storage_matrix_54_ROM_AUTO_1R |          4 |          4 |       0 |    0 |    1 |      0 |      0 |    0 |          0 |
|         p_ZL14storage_matrix_55_U                              |       bd_0_hls_inst_0_spiking_binam_p_ZL14storage_matrix_55_ROM_AUTO_1R |          3 |          3 |       0 |    0 |    1 |      0 |      0 |    0 |          0 |
|         p_ZL14storage_matrix_56_U                              |       bd_0_hls_inst_0_spiking_binam_p_ZL14storage_matrix_56_ROM_AUTO_1R |          4 |          4 |       0 |    0 |    1 |      0 |      0 |    0 |          0 |
|         p_ZL14storage_matrix_57_U                              |       bd_0_hls_inst_0_spiking_binam_p_ZL14storage_matrix_57_ROM_AUTO_1R |          4 |          4 |       0 |    0 |    1 |      0 |      0 |    0 |          0 |
|         p_ZL14storage_matrix_58_U                              |       bd_0_hls_inst_0_spiking_binam_p_ZL14storage_matrix_58_ROM_AUTO_1R |          4 |          4 |       0 |    0 |    1 |      0 |      0 |    0 |          0 |
|         p_ZL14storage_matrix_59_U                              |       bd_0_hls_inst_0_spiking_binam_p_ZL14storage_matrix_59_ROM_AUTO_1R |          4 |          4 |       0 |    0 |    1 |      0 |      0 |    0 |          0 |
|         p_ZL14storage_matrix_5_U                               |        bd_0_hls_inst_0_spiking_binam_p_ZL14storage_matrix_5_ROM_AUTO_1R |          4 |          4 |       0 |    0 |    1 |      0 |      0 |    0 |          0 |
|         p_ZL14storage_matrix_60_U                              |       bd_0_hls_inst_0_spiking_binam_p_ZL14storage_matrix_60_ROM_AUTO_1R |          4 |          4 |       0 |    0 |    1 |      0 |      0 |    0 |          0 |
|         p_ZL14storage_matrix_61_U                              |       bd_0_hls_inst_0_spiking_binam_p_ZL14storage_matrix_61_ROM_AUTO_1R |          4 |          4 |       0 |    0 |    1 |      0 |      0 |    0 |          0 |
|         p_ZL14storage_matrix_62_U                              |       bd_0_hls_inst_0_spiking_binam_p_ZL14storage_matrix_62_ROM_AUTO_1R |          4 |          4 |       0 |    0 |    1 |      0 |      0 |    0 |          0 |
|         p_ZL14storage_matrix_63_U                              |       bd_0_hls_inst_0_spiking_binam_p_ZL14storage_matrix_63_ROM_AUTO_1R |          4 |          4 |       0 |    0 |    1 |      0 |      0 |    0 |          0 |
|         p_ZL14storage_matrix_64_U                              |       bd_0_hls_inst_0_spiking_binam_p_ZL14storage_matrix_64_ROM_AUTO_1R |          4 |          4 |       0 |    0 |    1 |      0 |      0 |    0 |          0 |
|         p_ZL14storage_matrix_65_U                              |       bd_0_hls_inst_0_spiking_binam_p_ZL14storage_matrix_65_ROM_AUTO_1R |          4 |          4 |       0 |    0 |    1 |      0 |      0 |    0 |          0 |
|         p_ZL14storage_matrix_66_U                              |       bd_0_hls_inst_0_spiking_binam_p_ZL14storage_matrix_66_ROM_AUTO_1R |          4 |          4 |       0 |    0 |    1 |      0 |      0 |    0 |          0 |
|         p_ZL14storage_matrix_67_U                              |       bd_0_hls_inst_0_spiking_binam_p_ZL14storage_matrix_67_ROM_AUTO_1R |          4 |          4 |       0 |    0 |    1 |      0 |      0 |    0 |          0 |
|         p_ZL14storage_matrix_68_U                              |       bd_0_hls_inst_0_spiking_binam_p_ZL14storage_matrix_68_ROM_AUTO_1R |          4 |          4 |       0 |    0 |    1 |      0 |      0 |    0 |          0 |
|         p_ZL14storage_matrix_69_U                              |       bd_0_hls_inst_0_spiking_binam_p_ZL14storage_matrix_69_ROM_AUTO_1R |          4 |          4 |       0 |    0 |    1 |      0 |      0 |    0 |          0 |
|         p_ZL14storage_matrix_6_U                               |        bd_0_hls_inst_0_spiking_binam_p_ZL14storage_matrix_6_ROM_AUTO_1R |          4 |          4 |       0 |    0 |    1 |      0 |      0 |    0 |          0 |
|         p_ZL14storage_matrix_70_U                              |       bd_0_hls_inst_0_spiking_binam_p_ZL14storage_matrix_70_ROM_AUTO_1R |          4 |          4 |       0 |    0 |    1 |      0 |      0 |    0 |          0 |
|         p_ZL14storage_matrix_71_U                              |       bd_0_hls_inst_0_spiking_binam_p_ZL14storage_matrix_71_ROM_AUTO_1R |          3 |          3 |       0 |    0 |    1 |      0 |      0 |    0 |          0 |
|         p_ZL14storage_matrix_72_U                              |       bd_0_hls_inst_0_spiking_binam_p_ZL14storage_matrix_72_ROM_AUTO_1R |          4 |          4 |       0 |    0 |    1 |      0 |      0 |    0 |          0 |
|         p_ZL14storage_matrix_73_U                              |       bd_0_hls_inst_0_spiking_binam_p_ZL14storage_matrix_73_ROM_AUTO_1R |          4 |          4 |       0 |    0 |    1 |      0 |      0 |    0 |          0 |
|         p_ZL14storage_matrix_74_U                              |       bd_0_hls_inst_0_spiking_binam_p_ZL14storage_matrix_74_ROM_AUTO_1R |          4 |          4 |       0 |    0 |    1 |      0 |      0 |    0 |          0 |
|         p_ZL14storage_matrix_75_U                              |       bd_0_hls_inst_0_spiking_binam_p_ZL14storage_matrix_75_ROM_AUTO_1R |          4 |          4 |       0 |    0 |    1 |      0 |      0 |    0 |          0 |
|         p_ZL14storage_matrix_76_U                              |       bd_0_hls_inst_0_spiking_binam_p_ZL14storage_matrix_76_ROM_AUTO_1R |          4 |          4 |       0 |    0 |    1 |      0 |      0 |    0 |          0 |
|         p_ZL14storage_matrix_77_U                              |       bd_0_hls_inst_0_spiking_binam_p_ZL14storage_matrix_77_ROM_AUTO_1R |          4 |          4 |       0 |    0 |    1 |      0 |      0 |    0 |          0 |
|         p_ZL14storage_matrix_78_U                              |       bd_0_hls_inst_0_spiking_binam_p_ZL14storage_matrix_78_ROM_AUTO_1R |          4 |          4 |       0 |    0 |    1 |      0 |      0 |    0 |          0 |
|         p_ZL14storage_matrix_79_U                              |       bd_0_hls_inst_0_spiking_binam_p_ZL14storage_matrix_79_ROM_AUTO_1R |          4 |          4 |       0 |    0 |    1 |      0 |      0 |    0 |          0 |
|         p_ZL14storage_matrix_7_U                               |        bd_0_hls_inst_0_spiking_binam_p_ZL14storage_matrix_7_ROM_AUTO_1R |          4 |          4 |       0 |    0 |    1 |      0 |      0 |    0 |          0 |
|         p_ZL14storage_matrix_80_U                              |       bd_0_hls_inst_0_spiking_binam_p_ZL14storage_matrix_80_ROM_AUTO_1R |          4 |          4 |       0 |    0 |    1 |      0 |      0 |    0 |          0 |
|         p_ZL14storage_matrix_81_U                              |       bd_0_hls_inst_0_spiking_binam_p_ZL14storage_matrix_81_ROM_AUTO_1R |          4 |          4 |       0 |    0 |    1 |      0 |      0 |    0 |          0 |
|         p_ZL14storage_matrix_82_U                              |       bd_0_hls_inst_0_spiking_binam_p_ZL14storage_matrix_82_ROM_AUTO_1R |          4 |          4 |       0 |    0 |    1 |      0 |      0 |    0 |          0 |
|         p_ZL14storage_matrix_83_U                              |       bd_0_hls_inst_0_spiking_binam_p_ZL14storage_matrix_83_ROM_AUTO_1R |          4 |          4 |       0 |    0 |    1 |      0 |      0 |    0 |          0 |
|         p_ZL14storage_matrix_84_U                              |       bd_0_hls_inst_0_spiking_binam_p_ZL14storage_matrix_84_ROM_AUTO_1R |          4 |          4 |       0 |    0 |    1 |      0 |      0 |    0 |          0 |
|         p_ZL14storage_matrix_85_U                              |       bd_0_hls_inst_0_spiking_binam_p_ZL14storage_matrix_85_ROM_AUTO_1R |          4 |          4 |       0 |    0 |    1 |      0 |      0 |    0 |          0 |
|         p_ZL14storage_matrix_86_U                              |       bd_0_hls_inst_0_spiking_binam_p_ZL14storage_matrix_86_ROM_AUTO_1R |          4 |          4 |       0 |    0 |    1 |      0 |      0 |    0 |          0 |
|         p_ZL14storage_matrix_87_U                              |       bd_0_hls_inst_0_spiking_binam_p_ZL14storage_matrix_87_ROM_AUTO_1R |          4 |          4 |       0 |    0 |    1 |      0 |      0 |    0 |          0 |
|         p_ZL14storage_matrix_88_U                              |       bd_0_hls_inst_0_spiking_binam_p_ZL14storage_matrix_88_ROM_AUTO_1R |          4 |          4 |       0 |    0 |    1 |      0 |      0 |    0 |          0 |
|         p_ZL14storage_matrix_89_U                              |       bd_0_hls_inst_0_spiking_binam_p_ZL14storage_matrix_89_ROM_AUTO_1R |          4 |          4 |       0 |    0 |    1 |      0 |      0 |    0 |          0 |
|         p_ZL14storage_matrix_8_U                               |        bd_0_hls_inst_0_spiking_binam_p_ZL14storage_matrix_8_ROM_AUTO_1R |          4 |          4 |       0 |    0 |    1 |      0 |      0 |    0 |          0 |
|         p_ZL14storage_matrix_90_U                              |       bd_0_hls_inst_0_spiking_binam_p_ZL14storage_matrix_90_ROM_AUTO_1R |          4 |          4 |       0 |    0 |    1 |      0 |      0 |    0 |          0 |
|         p_ZL14storage_matrix_91_U                              |       bd_0_hls_inst_0_spiking_binam_p_ZL14storage_matrix_91_ROM_AUTO_1R |          4 |          4 |       0 |    0 |    1 |      0 |      0 |    0 |          0 |
|         p_ZL14storage_matrix_92_U                              |       bd_0_hls_inst_0_spiking_binam_p_ZL14storage_matrix_92_ROM_AUTO_1R |          4 |          4 |       0 |    0 |    1 |      0 |      0 |    0 |          0 |
|         p_ZL14storage_matrix_93_U                              |       bd_0_hls_inst_0_spiking_binam_p_ZL14storage_matrix_93_ROM_AUTO_1R |          4 |          4 |       0 |    0 |    1 |      0 |      0 |    0 |          0 |
|         p_ZL14storage_matrix_94_U                              |       bd_0_hls_inst_0_spiking_binam_p_ZL14storage_matrix_94_ROM_AUTO_1R |          4 |          4 |       0 |    0 |    1 |      0 |      0 |    0 |          0 |
|         p_ZL14storage_matrix_95_U                              |       bd_0_hls_inst_0_spiking_binam_p_ZL14storage_matrix_95_ROM_AUTO_1R |          4 |          4 |       0 |    0 |    1 |      0 |      0 |    0 |          0 |
|         p_ZL14storage_matrix_96_U                              |       bd_0_hls_inst_0_spiking_binam_p_ZL14storage_matrix_96_ROM_AUTO_1R |          4 |          4 |       0 |    0 |    1 |      0 |      0 |    0 |          0 |
|         p_ZL14storage_matrix_97_U                              |       bd_0_hls_inst_0_spiking_binam_p_ZL14storage_matrix_97_ROM_AUTO_1R |          4 |          4 |       0 |    0 |    1 |      0 |      0 |    0 |          0 |
|         p_ZL14storage_matrix_98_U                              |       bd_0_hls_inst_0_spiking_binam_p_ZL14storage_matrix_98_ROM_AUTO_1R |          4 |          4 |       0 |    0 |    1 |      0 |      0 |    0 |          0 |
|         p_ZL14storage_matrix_99_U                              |       bd_0_hls_inst_0_spiking_binam_p_ZL14storage_matrix_99_ROM_AUTO_1R |          4 |          4 |       0 |    0 |    1 |      0 |      0 |    0 |          0 |
|         p_ZL14storage_matrix_9_U                               |        bd_0_hls_inst_0_spiking_binam_p_ZL14storage_matrix_9_ROM_AUTO_1R |          4 |          4 |       0 |    0 |    1 |      0 |      0 |    0 |          0 |
|         ref_timer_V_1_U                                        |                 bd_0_hls_inst_0_spiking_binam_ref_timer_V_RAM_AUTO_1R1W |          7 |          1 |       6 |    0 |    6 |      0 |      0 |    0 |          0 |
|         ref_timer_V_2_U                                        |               bd_0_hls_inst_0_spiking_binam_ref_timer_V_RAM_AUTO_1R1W_0 |          7 |          1 |       6 |    0 |    6 |      0 |      0 |    0 |          0 |
|         ref_timer_V_3_U                                        |               bd_0_hls_inst_0_spiking_binam_ref_timer_V_RAM_AUTO_1R1W_1 |          7 |          1 |       6 |    0 |    6 |      0 |      0 |    0 |          0 |
|         ref_timer_V_4_U                                        |               bd_0_hls_inst_0_spiking_binam_ref_timer_V_RAM_AUTO_1R1W_2 |          8 |          2 |       6 |    0 |    6 |      0 |      0 |    0 |          0 |
|         ref_timer_V_5_U                                        |               bd_0_hls_inst_0_spiking_binam_ref_timer_V_RAM_AUTO_1R1W_3 |          7 |          1 |       6 |    0 |    6 |      0 |      0 |    0 |          0 |
|         ref_timer_V_6_U                                        |               bd_0_hls_inst_0_spiking_binam_ref_timer_V_RAM_AUTO_1R1W_4 |          7 |          1 |       6 |    0 |    6 |      0 |      0 |    0 |          0 |
|         ref_timer_V_7_U                                        |               bd_0_hls_inst_0_spiking_binam_ref_timer_V_RAM_AUTO_1R1W_5 |          8 |          2 |       6 |    0 |    6 |      0 |      0 |    0 |          0 |
|         ref_timer_V_U                                          |               bd_0_hls_inst_0_spiking_binam_ref_timer_V_RAM_AUTO_1R1W_6 |          7 |          1 |       6 |    0 |    6 |      0 |      0 |    0 |          0 |
|         regslice_both_in_spikes_U                              |                             bd_0_hls_inst_0_spiking_binam_regslice_both |         63 |         63 |       0 |    0 |   52 |      0 |      0 |    0 |          0 |
|         regslice_both_out_spikes_U                             |                           bd_0_hls_inst_0_spiking_binam_regslice_both_7 |         17 |         17 |       0 |    0 |   42 |      0 |      0 |    0 |          0 |
|         v_V_1_U                                                |                         bd_0_hls_inst_0_spiking_binam_v_V_RAM_AUTO_1R1W |         14 |          6 |       8 |    0 |    7 |      0 |      0 |    0 |          0 |
|         v_V_2_U                                                |                       bd_0_hls_inst_0_spiking_binam_v_V_RAM_AUTO_1R1W_8 |         14 |          6 |       8 |    0 |    7 |      0 |      0 |    0 |          0 |
|         v_V_3_U                                                |                       bd_0_hls_inst_0_spiking_binam_v_V_RAM_AUTO_1R1W_9 |         14 |          6 |       8 |    0 |    7 |      0 |      0 |    0 |          0 |
|         v_V_4_U                                                |                      bd_0_hls_inst_0_spiking_binam_v_V_RAM_AUTO_1R1W_10 |         14 |          6 |       8 |    0 |    7 |      0 |      0 |    0 |          0 |
|         v_V_5_U                                                |                      bd_0_hls_inst_0_spiking_binam_v_V_RAM_AUTO_1R1W_11 |         14 |          6 |       8 |    0 |    7 |      0 |      0 |    0 |          0 |
|         v_V_6_U                                                |                      bd_0_hls_inst_0_spiking_binam_v_V_RAM_AUTO_1R1W_12 |         14 |          6 |       8 |    0 |    7 |      0 |      0 |    0 |          0 |
|         v_V_7_U                                                |                      bd_0_hls_inst_0_spiking_binam_v_V_RAM_AUTO_1R1W_13 |         14 |          6 |       8 |    0 |    7 |      0 |      0 |    0 |          0 |
|         v_V_U                                                  |                      bd_0_hls_inst_0_spiking_binam_v_V_RAM_AUTO_1R1W_14 |         14 |          6 |       8 |    0 |    7 |      0 |      0 |    0 |          0 |
+----------------------------------------------------------------+-------------------------------------------------------------------------+------------+------------+---------+------+------+--------+--------+------+------------+


